
> legatrixon-server@1.0.0 start:prod
> node dist/main

[32m[Nest] 17864  - [39m09/06/2026, 2:07:56 pm [32m    LOG[39m [38;5;3m[NestFactory] [39m[32mStarting Nest application...[39m
[32m[Nest] 17864  - [39m09/06/2026, 2:07:56 pm [32m    LOG[39m [38;5;3m[InstanceLoader] [39m[32mAppModule dependencies initialized[39m[38;5;3m +36ms[39m
[32m[Nest] 17864  - [39m09/06/2026, 2:07:56 pm [32m    LOG[39m [38;5;3m[InstanceLoader] [39m[32mTypeOrmModule dependencies initialized[39m[38;5;3m +4ms[39m
[32m[Nest] 17864  - [39m09/06/2026, 2:07:56 pm [32m    LOG[39m [38;5;3m[InstanceLoader] [39m[32mRetrievalModule dependencies initialized[39m[38;5;3m +1ms[39m
[32m[Nest] 17864  - [39m09/06/2026, 2:07:56 pm [32m    LOG[39m [38;5;3m[InstanceLoader] [39m[32mJudgmentModule dependencies initialized[39m[38;5;3m +1ms[39m
[32m[Nest] 17864  - [39m09/06/2026, 2:07:56 pm [32m    LOG[39m [38;5;3m[InstanceLoader] [39m[32mChatModule dependencies initialized[39m[38;5;3m +0ms[39m
[32m[Nest] 17864  - [39m09/06/2026, 2:07:56 pm [32m    LOG[39m [38;5;3m[InstanceLoader] [39m[32mContractModule dependencies initialized[39m[38;5;3m +1ms[39m
[32m[Nest] 17864  - [39m09/06/2026, 2:07:56 pm [32m    LOG[39m [38;5;3m[InstanceLoader] [39m[32mIngestionModule dependencies initialized[39m[38;5;3m +0ms[39m
[32m[Nest] 17864  - [39m09/06/2026, 2:07:56 pm [32m    LOG[39m [38;5;3m[InstanceLoader] [39m[32mTypeOrmCoreModule dependencies initialized[39m[38;5;3m +58ms[39m
[32m[Nest] 17864  - [39m09/06/2026, 2:07:56 pm [32m    LOG[39m [38;5;3m[InstanceLoader] [39m[32mTypeOrmModule dependencies initialized[39m[38;5;3m +7ms[39m
[32m[Nest] 17864  - [39m09/06/2026, 2:07:56 pm [32m    LOG[39m [38;5;3m[InstanceLoader] [39m[32mTypeOrmModule dependencies initialized[39m[38;5;3m +0ms[39m
[32m[Nest] 17864  - [39m09/06/2026, 2:07:56 pm [32m    LOG[39m [38;5;3m[InstanceLoader] [39m[32mTypeOrmModule dependencies initialized[39m[38;5;3m +0ms[39m
[32m[Nest] 17864  - [39m09/06/2026, 2:07:56 pm [32m    LOG[39m [38;5;3m[InstanceLoader] [39m[32mTypeOrmModule dependencies initialized[39m[38;5;3m +1ms[39m
[32m[Nest] 17864  - [39m09/06/2026, 2:07:56 pm [32m    LOG[39m [38;5;3m[InstanceLoader] [39m[32mFounderSecurityModule dependencies initialized[39m[38;5;3m +1ms[39m
[32m[Nest] 17864  - [39m09/06/2026, 2:07:56 pm [32m    LOG[39m [38;5;3m[InstanceLoader] [39m[32mNotebookModule dependencies initialized[39m[38;5;3m +1ms[39m
[32m[Nest] 17864  - [39m09/06/2026, 2:07:56 pm [32m    LOG[39m [38;5;3m[InstanceLoader] [39m[32mResearchModule dependencies initialized[39m[38;5;3m +0ms[39m
[32m[Nest] 17864  - [39m09/06/2026, 2:07:56 pm [32m    LOG[39m [38;5;3m[InstanceLoader] [39m[32mExamModule dependencies initialized[39m[38;5;3m +1ms[39m
[32m[Nest] 17864  - [39m09/06/2026, 2:07:56 pm [32m    LOG[39m [38;5;3m[RoutesResolver] [39m[32mJudgmentController {/api/v1/judgments}:[39m[38;5;3m +27ms[39m
[32m[Nest] 17864  - [39m09/06/2026, 2:07:56 pm [32m    LOG[39m [38;5;3m[RouterExplorer] [39m[32mMapped {/api/v1/judgments/upload, POST} route[39m[38;5;3m +3ms[39m
[32m[Nest] 17864  - [39m09/06/2026, 2:07:56 pm [32m    LOG[39m [38;5;3m[RouterExplorer] [39m[32mMapped {/api/v1/judgments/:id/structure, GET} route[39m[38;5;3m +2ms[39m
[32m[Nest] 17864  - [39m09/06/2026, 2:07:56 pm [32m    LOG[39m [38;5;3m[RouterExplorer] [39m[32mMapped {/api/v1/judgments/:id/explain, POST} route[39m[38;5;3m +1ms[39m
[32m[Nest] 17864  - [39m09/06/2026, 2:07:56 pm [32m    LOG[39m [38;5;3m[RoutesResolver] [39m[32mChatController {/api/v1/chat}:[39m[38;5;3m +0ms[39m
[32m[Nest] 17864  - [39m09/06/2026, 2:07:56 pm [32m    LOG[39m [38;5;3m[RouterExplorer] [39m[32mMapped {/api/v1/chat/message, POST} route[39m[38;5;3m +1ms[39m
[32m[Nest] 17864  - [39m09/06/2026, 2:07:56 pm [32m    LOG[39m [38;5;3m[RouterExplorer] [39m[32mMapped {/api/v1/chat/history/:sessionId, GET} route[39m[38;5;3m +0ms[39m
[32m[Nest] 17864  - [39m09/06/2026, 2:07:56 pm [32m    LOG[39m [38;5;3m[RouterExplorer] [39m[32mMapped {/api/v1/chat/history/:sessionId, DELETE} route[39m[38;5;3m +1ms[39m
[32m[Nest] 17864  - [39m09/06/2026, 2:07:56 pm [32m    LOG[39m [38;5;3m[RouterExplorer] [39m[32mMapped {/api/v1/chat/search, POST} route[39m[38;5;3m +0ms[39m
[32m[Nest] 17864  - [39m09/06/2026, 2:07:56 pm [32m    LOG[39m [38;5;3m[RouterExplorer] [39m[32mMapped {/api/v1/chat/citations/:messageId, GET} route[39m[38;5;3m +1ms[39m
[32m[Nest] 17864  - [39m09/06/2026, 2:07:56 pm [32m    LOG[39m [38;5;3m[RoutesResolver] [39m[32mContractController {/api/v1/contracts}:[39m[38;5;3m +0ms[39m
[32m[Nest] 17864  - [39m09/06/2026, 2:07:56 pm [32m    LOG[39m [38;5;3m[RouterExplorer] [39m[32mMapped {/api/v1/contracts/review, POST} route[39m[38;5;3m +1ms[39m
[32m[Nest] 17864  - [39m09/06/2026, 2:07:56 pm [32m    LOG[39m [38;5;3m[RouterExplorer] [39m[32mMapped {/api/v1/contracts/:id/risks, GET} route[39m[38;5;3m +0ms[39m
[32m[Nest] 17864  - [39m09/06/2026, 2:07:56 pm [32m    LOG[39m [38;5;3m[RouterExplorer] [39m[32mMapped {/api/v1/contracts/:id/clauses, POST} route[39m[38;5;3m +0ms[39m
[32m[Nest] 17864  - [39m09/06/2026, 2:07:56 pm [32m    LOG[39m [38;5;3m[RoutesResolver] [39m[32mNotebookController {/api/v1/notebook}:[39m[38;5;3m +1ms[39m
[32m[Nest] 17864  - [39m09/06/2026, 2:07:56 pm [32m    LOG[39m [38;5;3m[RouterExplorer] [39m[32mMapped {/api/v1/notebook/documents, GET} route[39m[38;5;3m +0ms[39m
[32m[Nest] 17864  - [39m09/06/2026, 2:07:56 pm [32m    LOG[39m [38;5;3m[RouterExplorer] [39m[32mMapped {/api/v1/notebook/documents/:id, GET} route[39m[38;5;3m +0ms[39m
[32m[Nest] 17864  - [39m09/06/2026, 2:07:56 pm [32m    LOG[39m [38;5;3m[RouterExplorer] [39m[32mMapped {/api/v1/notebook/documents/:id/preview, GET} route[39m[38;5;3m +1ms[39m
[32m[Nest] 17864  - [39m09/06/2026, 2:07:56 pm [32m    LOG[39m [38;5;3m[RouterExplorer] [39m[32mMapped {/api/v1/notebook/documents/:id/file, GET} route[39m[38;5;3m +0ms[39m
[32m[Nest] 17864  - [39m09/06/2026, 2:07:56 pm [32m    LOG[39m [38;5;3m[RouterExplorer] [39m[32mMapped {/api/v1/notebook/documents/:id/chunks, GET} route[39m[38;5;3m +0ms[39m
[32m[Nest] 17864  - [39m09/06/2026, 2:07:56 pm [32m    LOG[39m [38;5;3m[RouterExplorer] [39m[32mMapped {/api/v1/notebook/documents/:id/chat-history, GET} route[39m[38;5;3m +1ms[39m
[32m[Nest] 17864  - [39m09/06/2026, 2:07:56 pm [32m    LOG[39m [38;5;3m[RouterExplorer] [39m[32mMapped {/api/v1/notebook/documents/:id/reprocess, POST} route[39m[38;5;3m +0ms[39m
[32m[Nest] 17864  - [39m09/06/2026, 2:07:56 pm [32m    LOG[39m [38;5;3m[RouterExplorer] [39m[32mMapped {/api/v1/notebook/documents/:id/extraction, GET} route[39m[38;5;3m +0ms[39m
[32m[Nest] 17864  - [39m09/06/2026, 2:07:56 pm [32m    LOG[39m [38;5;3m[RouterExplorer] [39m[32mMapped {/api/v1/notebook/documents/:id/extraction, POST} route[39m[38;5;3m +1ms[39m
[32m[Nest] 17864  - [39m09/06/2026, 2:07:56 pm [32m    LOG[39m [38;5;3m[RouterExplorer] [39m[32mMapped {/api/v1/notebook/documents/:id/study-forge/generate, POST} route[39m[38;5;3m +0ms[39m
[32m[Nest] 17864  - [39m09/06/2026, 2:07:56 pm [32m    LOG[39m [38;5;3m[RouterExplorer] [39m[32mMapped {/api/v1/notebook/documents/:id/study-forge/flashcards/:cardId/rate, POST} route[39m[38;5;3m +1ms[39m
[32m[Nest] 17864  - [39m09/06/2026, 2:07:56 pm [32m    LOG[39m [38;5;3m[RouterExplorer] [39m[32mMapped {/api/v1/notebook/documents/:id/study-forge/quiz-attempt, POST} route[39m[38;5;3m +0ms[39m
[32m[Nest] 17864  - [39m09/06/2026, 2:07:56 pm [32m    LOG[39m [38;5;3m[RouterExplorer] [39m[32mMapped {/api/v1/notebook/graph, GET} route[39m[38;5;3m +0ms[39m
[32m[Nest] 17864  - [39m09/06/2026, 2:07:56 pm [32m    LOG[39m [38;5;3m[RouterExplorer] [39m[32mMapped {/api/v1/notebook/search, GET} route[39m[38;5;3m +1ms[39m
[32m[Nest] 17864  - [39m09/06/2026, 2:07:56 pm [32m    LOG[39m [38;5;3m[RouterExplorer] [39m[32mMapped {/api/v1/notebook/documents/:id, DELETE} route[39m[38;5;3m +0ms[39m
[32m[Nest] 17864  - [39m09/06/2026, 2:07:56 pm [32m    LOG[39m [38;5;3m[RouterExplorer] [39m[32mMapped {/api/v1/notebook/upload, POST} route[39m[38;5;3m +1ms[39m
[32m[Nest] 17864  - [39m09/06/2026, 2:07:56 pm [32m    LOG[39m [38;5;3m[RouterExplorer] [39m[32mMapped {/api/v1/notebook/chat, POST} route[39m[38;5;3m +0ms[39m
[32m[Nest] 17864  - [39m09/06/2026, 2:07:56 pm [32m    LOG[39m [38;5;3m[RoutesResolver] [39m[32mResearchController {/api/v1/research}:[39m[38;5;3m +0ms[39m
[32m[Nest] 17864  - [39m09/06/2026, 2:07:56 pm [32m    LOG[39m [38;5;3m[RouterExplorer] [39m[32mMapped {/api/v1/research/query, POST} route[39m[38;5;3m +1ms[39m
[32m[Nest] 17864  - [39m09/06/2026, 2:07:56 pm [32m    LOG[39m [38;5;3m[RouterExplorer] [39m[32mMapped {/api/v1/research/query/all, GET} route[39m[38;5;3m +0ms[39m
[32m[Nest] 17864  - [39m09/06/2026, 2:07:56 pm [32m    LOG[39m [38;5;3m[RouterExplorer] [39m[32mMapped {/api/v1/research/query/:id, GET} route[39m[38;5;3m +1ms[39m
[32m[Nest] 17864  - [39m09/06/2026, 2:07:56 pm [32m    LOG[39m [38;5;3m[RouterExplorer] [39m[32mMapped {/api/v1/research/report, POST} route[39m[38;5;3m +0ms[39m
[32m[Nest] 17864  - [39m09/06/2026, 2:07:56 pm [32m    LOG[39m [38;5;3m[RouterExplorer] [39m[32mMapped {/api/v1/research/report/:id, GET} route[39m[38;5;3m +1ms[39m
[32m[Nest] 17864  - [39m09/06/2026, 2:07:56 pm [32m    LOG[39m [38;5;3m[RouterExplorer] [39m[32mMapped {/api/v1/research/report/:id, PUT} route[39m[38;5;3m +0ms[39m
[32m[Nest] 17864  - [39m09/06/2026, 2:07:56 pm [32m    LOG[39m [38;5;3m[RouterExplorer] [39m[32mMapped {/api/v1/research/report/:id, DELETE} route[39m[38;5;3m +1ms[39m
[32m[Nest] 17864  - [39m09/06/2026, 2:07:56 pm [32m    LOG[39m [38;5;3m[RouterExplorer] [39m[32mMapped {/api/v1/research/note, POST} route[39m[38;5;3m +0ms[39m
[32m[Nest] 17864  - [39m09/06/2026, 2:07:56 pm [32m    LOG[39m [38;5;3m[RouterExplorer] [39m[32mMapped {/api/v1/research/note/:id, GET} route[39m[38;5;3m +0ms[39m
[32m[Nest] 17864  - [39m09/06/2026, 2:07:56 pm [32m    LOG[39m [38;5;3m[RouterExplorer] [39m[32mMapped {/api/v1/research/note/:id, PUT} route[39m[38;5;3m +1ms[39m
[32m[Nest] 17864  - [39m09/06/2026, 2:07:56 pm [32m    LOG[39m [38;5;3m[RouterExplorer] [39m[32mMapped {/api/v1/research/note/:id, DELETE} route[39m[38;5;3m +0ms[39m
[32m[Nest] 17864  - [39m09/06/2026, 2:07:56 pm [32m    LOG[39m [38;5;3m[RouterExplorer] [39m[32mMapped {/api/v1/research/source, POST} route[39m[38;5;3m +0ms[39m
[32m[Nest] 17864  - [39m09/06/2026, 2:07:56 pm [32m    LOG[39m [38;5;3m[RouterExplorer] [39m[32mMapped {/api/v1/research/source/:id, GET} route[39m[38;5;3m +1ms[39m
[32m[Nest] 17864  - [39m09/06/2026, 2:07:56 pm [32m    LOG[39m [38;5;3m[RouterExplorer] [39m[32mMapped {/api/v1/research/source/:id, DELETE} route[39m[38;5;3m +0ms[39m
[32m[Nest] 17864  - [39m09/06/2026, 2:07:56 pm [32m    LOG[39m [38;5;3m[RouterExplorer] [39m[32mMapped {/api/v1/research/save, POST} route[39m[38;5;3m +0ms[39m
[32m[Nest] 17864  - [39m09/06/2026, 2:07:56 pm [32m    LOG[39m [38;5;3m[RouterExplorer] [39m[32mMapped {/api/v1/research/save/all, GET} route[39m[38;5;3m +1ms[39m
[32m[Nest] 17864  - [39m09/06/2026, 2:07:56 pm [32m    LOG[39m [38;5;3m[RouterExplorer] [39m[32mMapped {/api/v1/research/save/:id, DELETE} route[39m[38;5;3m +0ms[39m
[32m[Nest] 17864  - [39m09/06/2026, 2:07:56 pm [32m    LOG[39m [38;5;3m[RouterExplorer] [39m[32mMapped {/api/v1/research/asset, POST} route[39m[38;5;3m +1ms[39m
[32m[Nest] 17864  - [39m09/06/2026, 2:07:56 pm [32m    LOG[39m [38;5;3m[RouterExplorer] [39m[32mMapped {/api/v1/research/upload, POST} route[39m[38;5;3m +0ms[39m
[32m[Nest] 17864  - [39m09/06/2026, 2:07:56 pm [32m    LOG[39m [38;5;3m[RouterExplorer] [39m[32mMapped {/api/v1/research/documents/:queryId, GET} route[39m[38;5;3m +0ms[39m
[32m[Nest] 17864  - [39m09/06/2026, 2:07:56 pm [32m    LOG[39m [38;5;3m[RouterExplorer] [39m[32mMapped {/api/v1/research/generate, POST} route[39m[38;5;3m +1ms[39m
[32m[Nest] 17864  - [39m09/06/2026, 2:07:56 pm [32m    LOG[39m [38;5;3m[RouterExplorer] [39m[32mMapped {/api/v1/research/challenge, POST} route[39m[38;5;3m +0ms[39m
[32m[Nest] 17864  - [39m09/06/2026, 2:07:56 pm [32m    LOG[39m [38;5;3m[RoutesResolver] [39m[32mIngestionController {/api/v1/ingestion}:[39m[38;5;3m +0ms[39m
[32m[Nest] 17864  - [39m09/06/2026, 2:07:56 pm [32m    LOG[39m [38;5;3m[RouterExplorer] [39m[32mMapped {/api/v1/ingestion/status, GET} route[39m[38;5;3m +0ms[39m
[32m[Nest] 17864  - [39m09/06/2026, 2:07:56 pm [32m    LOG[39m [38;5;3m[RouterExplorer] [39m[32mMapped {/api/v1/ingestion/init-collections, POST} route[39m[38;5;3m +1ms[39m
[32m[Nest] 17864  - [39m09/06/2026, 2:07:56 pm [32m    LOG[39m [38;5;3m[RouterExplorer] [39m[32mMapped {/api/v1/ingestion/ingest, POST} route[39m[38;5;3m +0ms[39m
[32m[Nest] 17864  - [39m09/06/2026, 2:07:56 pm [32m    LOG[39m [38;5;3m[RouterExplorer] [39m[32mMapped {/api/v1/ingestion/ingest-text, POST} route[39m[38;5;3m +1ms[39m
[32m[Nest] 17864  - [39m09/06/2026, 2:07:56 pm [32m    LOG[39m [38;5;3m[RouterExplorer] [39m[32mMapped {/api/v1/ingestion/ingest-batch, POST} route[39m[38;5;3m +0ms[39m
[32m[Nest] 17864  - [39m09/06/2026, 2:07:56 pm [32m    LOG[39m [38;5;3m[RoutesResolver] [39m[32mExamController {/api/v1/exam}:[39m[38;5;3m +0ms[39m
[32m[Nest] 17864  - [39m09/06/2026, 2:07:56 pm [32m    LOG[39m [38;5;3m[RouterExplorer] [39m[32mMapped {/api/v1/exam, POST} route[39m[38;5;3m +1ms[39m
[32m[Nest] 17864  - [39m09/06/2026, 2:07:56 pm [32m    LOG[39m [38;5;3m[RouterExplorer] [39m[32mMapped {/api/v1/exam, GET} route[39m[38;5;3m +0ms[39m
[32m[Nest] 17864  - [39m09/06/2026, 2:07:56 pm [32m    LOG[39m [38;5;3m[RouterExplorer] [39m[32mMapped {/api/v1/exam/:id, GET} route[39m[38;5;3m +1ms[39m
[32m[Nest] 17864  - [39m09/06/2026, 2:07:56 pm [32m    LOG[39m [38;5;3m[RouterExplorer] [39m[32mMapped {/api/v1/exam/:id/mock, POST} route[39m[38;5;3m +0ms[39m
[32m[Nest] 17864  - [39m09/06/2026, 2:07:56 pm [32m    LOG[39m [38;5;3m[RouterExplorer] [39m[32mMapped {/api/v1/exam/assistant, POST} route[39m[38;5;3m +0ms[39m
[32m[Nest] 17864  - [39m09/06/2026, 2:07:56 pm [32m    LOG[39m [38;5;3m[RouterExplorer] [39m[32mMapped {/api/v1/exam/dashboard/recommendations, GET} route[39m[38;5;3m +1ms[39m
[32m[Nest] 17864  - [39m09/06/2026, 2:07:56 pm [32m    LOG[39m [38;5;3m[RouterExplorer] [39m[32mMapped {/api/v1/exam/doubt-solve, POST} route[39m[38;5;3m +0ms[39m
[32m[Nest] 17864  - [39m09/06/2026, 2:07:56 pm [32m    LOG[39m [38;5;3m[RouterExplorer] [39m[32mMapped {/api/v1/exam/oauth-tokens, POST} route[39m[38;5;3m +0ms[39m
[32m[Nest] 17864  - [39m09/06/2026, 2:07:56 pm [32m    LOG[39m [38;5;3m[RouterExplorer] [39m[32mMapped {/api/v1/exam/dashboard/notifications, GET} route[39m[38;5;3m +1ms[39m
[32m[Nest] 17864  - [39m09/06/2026, 2:07:56 pm [32m    LOG[39m [38;5;3m[RouterExplorer] [39m[32mMapped {/api/v1/exam/dashboard/notifications/read, POST} route[39m[38;5;3m +0ms[39m
[32m[Nest] 17864  - [39m09/06/2026, 2:07:56 pm [32m    LOG[39m [38;5;3m[RouterExplorer] [39m[32mMapped {/api/v1/exam/calendar/events, GET} route[39m[38;5;3m +0ms[39m
[32m[Nest] 17864  - [39m09/06/2026, 2:07:56 pm [32m    LOG[39m [38;5;3m[RouterExplorer] [39m[32mMapped {/api/v1/exam/calendar/events, POST} route[39m[38;5;3m +1ms[39m
[32m[Nest] 17864  - [39m09/06/2026, 2:07:56 pm [32m    LOG[39m [38;5;3m[RoutesResolver] [39m[32mFounderSecurityController {/api/v1/founder-security}:[39m[38;5;3m +0ms[39m
[32m[Nest] 17864  - [39m09/06/2026, 2:07:56 pm [32m    LOG[39m [38;5;3m[RouterExplorer] [39m[32mMapped {/api/v1/founder-security/settings, GET} route[39m[38;5;3m +0ms[39m
[32m[Nest] 17864  - [39m09/06/2026, 2:07:56 pm [32m    LOG[39m [38;5;3m[RouterExplorer] [39m[32mMapped {/api/v1/founder-security/settings, PUT} route[39m[38;5;3m +0ms[39m
[32m[Nest] 17864  - [39m09/06/2026, 2:07:56 pm [32m    LOG[39m [38;5;3m[RouterExplorer] [39m[32mMapped {/api/v1/founder-security/events, GET} route[39m[38;5;3m +1ms[39m
[32m[Nest] 17864  - [39m09/06/2026, 2:07:56 pm [32m    LOG[39m [38;5;3m[RouterExplorer] [39m[32mMapped {/api/v1/founder-security/events, POST} route[39m[38;5;3m +0ms[39m
[32m[Nest] 17864  - [39m09/06/2026, 2:07:56 pm [32m    LOG[39m [38;5;3m[RouterExplorer] [39m[32mMapped {/api/v1/founder-security/clear-locks, GET} route[39m[38;5;3m +0ms[39m
[32m[Nest] 17864  - [39m09/06/2026, 2:07:56 pm [32m    LOG[39m [38;5;3m[RouterExplorer] [39m[32mMapped {/api/v1/founder-security/admin-login, POST} route[39m[38;5;3m +0ms[39m
[32m[Nest] 17864  - [39m09/06/2026, 2:07:56 pm [32m    LOG[39m [38;5;3m[RouterExplorer] [39m[32mMapped {/api/v1/founder-security/verify-question, POST} route[39m[38;5;3m +0ms[39m
[32m[Nest] 17864  - [39m09/06/2026, 2:07:56 pm [32m    LOG[39m [38;5;3m[RouterExplorer] [39m[32mMapped {/api/v1/founder-security/login-approve, GET} route[39m[38;5;3m +1ms[39m
[32m[Nest] 17864  - [39m09/06/2026, 2:07:56 pm [32m    LOG[39m [38;5;3m[RouterExplorer] [39m[32mMapped {/api/v1/founder-security/login-reject, GET} route[39m[38;5;3m +0ms[39m
[32m[Nest] 17864  - [39m09/06/2026, 2:07:56 pm [32m    LOG[39m [38;5;3m[RouterExplorer] [39m[32mMapped {/api/v1/founder-security/login-status, GET} route[39m[38;5;3m +1ms[39m
[32m[Nest] 17864  - [39m09/06/2026, 2:07:56 pm [32m    LOG[39m [38;5;3m[RoutesResolver] [39m[32mSecurityTestController {/api/v1/api/security}:[39m[38;5;3m +0ms[39m
[32m[Nest] 17864  - [39m09/06/2026, 2:07:56 pm [32m    LOG[39m [38;5;3m[RouterExplorer] [39m[32mMapped {/api/security/test-email, GET} route[39m[38;5;3m +1ms[39m
[32m[Nest] 17864  - [39m09/06/2026, 2:07:56 pm [32m    LOG[39m [38;5;3m[RouterExplorer] [39m[32mMapped {/api/security/test-email, POST} route[39m[38;5;3m +0ms[39m
[32m[Nest] 17864  - [39m09/06/2026, 2:07:56 pm [32m    LOG[39m [38;5;3m[QdrantService] [39m[32mInitializing Qdrant client with URL: https://dd284eb5-9c7e-4f0e-92fd-815f87684ce0.us-west-1-0.aws.cloud.qdrant.io[39m
[32m[Nest] 17864  - [39m09/06/2026, 2:07:56 pm [32m    LOG[39m [38;5;3m[QdrantService] [39m[32mTesting Qdrant connection...[39m
[32m[Nest] 17864  - [39m09/06/2026, 2:07:56 pm [32m    LOG[39m [38;5;3m[BgeM3Provider] [39m[32mInitializing BGE-M3 provider → http://localhost:8100[39m
[32m[Nest] 17864  - [39m09/06/2026, 2:07:56 pm [32m    LOG[39m [38;5;3m[NestApplication] [39m[32mNest application successfully started[39m[38;5;3m +10ms[39m
[LEGATRIXON SERVER] NestJS Engine running on: http://localhost:4000/api/v1
[33m[Nest] 17864  - [39m09/06/2026, 2:07:56 pm [33m   WARN[39m [38;5;3m[BgeM3Provider] [39m[33mBGE-M3 sidecar unreachable at http://localhost:8100: . Embeddings will fail until the sidecar is started.[39m
[32m[Nest] 17864  - [39m09/06/2026, 2:07:57 pm [32m    LOG[39m [38;5;3m[QdrantService] [39m[32mSuccessfully connected to Qdrant.[39m
[32m[Nest] 17864  - [39m09/06/2026, 2:07:57 pm [32m    LOG[39m [38;5;3m[QdrantService] [39m[32mCollection judgments already exists.[39m
[32m[Nest] 17864  - [39m09/06/2026, 2:07:58 pm [32m    LOG[39m [38;5;3m[QdrantService] [39m[32mCollection acts already exists.[39m
[32m[Nest] 17864  - [39m09/06/2026, 2:07:58 pm [32m    LOG[39m [38;5;3m[QdrantService] [39m[32mCollection research_papers already exists.[39m
[32m[Nest] 17864  - [39m09/06/2026, 2:07:58 pm [32m    LOG[39m [38;5;3m[QdrantService] [39m[32mCollection law_commission_reports already exists.[39m
[32m[Nest] 17864  - [39m09/06/2026, 2:07:59 pm [32m    LOG[39m [38;5;3m[QdrantService] [39m[32mCollection user_documents already exists.[39m
[32m[Nest] 17864  - [39m09/06/2026, 2:08:48 pm [32m    LOG[39m [38;5;3m[NotebookService] [39m[32mGenerating Study Forge assets with the grounded uploaded-document engine.[39m
[33m[Nest] 17864  - [39m09/06/2026, 2:09:14 pm [33m   WARN[39m [38;5;3m[NotebookService] [39m[33mQdrant cleanup failed for document bb19ffa6-037f-48bb-a0d1-aace6465ec05: Bad Request[39m
[32m[Nest] 17864  - [39m09/06/2026, 2:10:48 pm [32m    LOG[39m [38;5;3m[NotebookService] [39m[32m[Validation Checkpoint 1/6] Shifting status to Processing for Document [4a4e4eb8-a81d-4474-a68a-3f36edd78ccd].[39m
[32m[Nest] 17864  - [39m09/06/2026, 2:10:49 pm [32m    LOG[39m [38;5;3m[NotebookService] [39m[32m[Validation Checkpoint 1/6 Passed] Text successfully extracted (80129 characters, 35 pages).[39m
[32m[Nest] 17864  - [39m09/06/2026, 2:10:49 pm [32m    LOG[39m [38;5;3m[NotebookService] [39m[32m[Validation Checkpoint 2/6 Passed] 74 chunks generated and persisted to database.[39m
[32m[Nest] 17864  - [39m09/06/2026, 2:10:49 pm [32m    LOG[39m [38;5;3m[NotebookService] [39m[32mGenerating BGE-M3 embeddings for 74 chunks...[39m
[33m[Nest] 17864  - [39m09/06/2026, 2:10:49 pm [33m   WARN[39m [38;5;3m[BgeM3Provider] [39m[33m[generateBatchEmbeddings[0..64]] Attempt 1/3 failed: . Retrying in 1000ms…[39m
[33m[Nest] 17864  - [39m09/06/2026, 2:10:50 pm [33m   WARN[39m [38;5;3m[BgeM3Provider] [39m[33m[generateBatchEmbeddings[0..64]] Attempt 2/3 failed: . Retrying in 2000ms…[39m
[33m[Nest] 17864  - [39m09/06/2026, 2:10:52 pm [33m   WARN[39m [38;5;3m[NotebookService] [39m[33mBGE-M3 embedding generation failed, using local deterministic embeddings: BGE-M3 embedding service unavailable or invalid at http://localhost:8100. Start the LEGATRIXON BGE-M3 sidecar before ingestion. Root cause: [39m
[32m[Nest] 17864  - [39m09/06/2026, 2:10:52 pm [32m    LOG[39m [38;5;3m[NotebookService] [39m[32mUpserting 74 vectors to Qdrant collection 'user_documents'...[39m
[32m[Nest] 17864  - [39m09/06/2026, 2:10:55 pm [32m    LOG[39m [38;5;3m[NotebookService] [39m[32m[Validation Checkpoint 4/6 Passed] Vectors successfully stored in Qdrant.[39m
[32m[Nest] 17864  - [39m09/06/2026, 2:10:55 pm [32m    LOG[39m [38;5;3m[NotebookService] [39m[32mDocument [4a4e4eb8-a81d-4474-a68a-3f36edd78ccd] successfully marked Indexed and saved to database. Qdrant indexed: yes.[39m
[32m[Nest] 17864  - [39m09/06/2026, 2:10:55 pm [32m    LOG[39m [38;5;3m[NotebookService] [39m[32mGenerating Study Forge assets with the grounded uploaded-document engine.[39m
[32m[Nest] 17864  - [39m09/06/2026, 2:10:55 pm [32m    LOG[39m [38;5;3m[NotebookService] [39m[32mSmart Study Forge assets generated and persisted for document [4a4e4eb8-a81d-4474-a68a-3f36edd78ccd].[39m
